ï¿½ï¿½ v1.0
I (36ï¿½ets Jun  8 2016 00:22:57

rst:0x1 (POWERON_RESET),boot:0x13 (SPI_FAST_FLASH_BOOT)
configsip: 0, SPIWP:0xee
clk_drv:0x00,q_drv:0x00,d_drv:0x00,cs0_drv:0x00,hd_drv:0x00,wp_drv:0x00
mode:DIO, clock div:2
load:0x3fff0030,len:6276
load:0x40078000,len:15716
load:0x40080400,len:4
ho 8 tail 4 room 4
load:0x40080404,len:3860
entry 0x4008063c
[0;32mI (31) boot: ESP-IDF v5.4-dirty 2nd stage bootloader[0m
[0;32mI (31) boot: compile time Jan 27 2025 13:56:41[0m
[0;32mI (31) boot: Multicore bootloader[0m
[0;32mI (33) boot: chip revision: v1.0[0m
[0;32mI (36) boot.esp32: SPI Speed      : 40MHz[0m
[0;32mI (39) boot.esp32: SPI Mode       : DIO[0m
[0;32mI (43) boot.esp32: SPI Flash Size : 2MB[0m
[0;32mI (47) boot: Enabling RNG early entropy source...[0m
[0;32mI (51) boot: Partition Table:[0m
[0;32mI (54) boot: ## Label            Usage          Type ST Offset   Length[0m
[0;32mI (60) boot:  0 nvs              WiFi data        01 02 00009000 00006000[0m
[0;32mI (67) boot:  1 phy_init         RF data          01 01 0000f000 00001000[0m
[0;32mI (73) boot:  2 factory          factory app      00 00 00010000 00100000[0m
[0;32mI (80) boot: End of partition table[0m
[0;32mI (83) esp_image: segment 0: paddr=00010020 vaddr=3f400020 size=0abb0h ( 43952) map[0m
[0;32mI (105) esp_image: segment 1: paddr=0001abd8 vaddr=3ff80000 size=0001ch (    28) load[0m
[0;32mI (106) esp_image: segment 2: paddr=0001abfc vaddr=3ffb0000 size=02424h (  9252) load[0m
[0;32mI (113) esp_image: segment 3: paddr=0001d028 vaddr=40080000 size=02ff0h ( 12272) load[0m
[0;32mI (122) esp_image: segment 4: paddr=00020020 vaddr=400d0020 size=1b9c4h (113092) map[0m
[0;32mI (163) esp_image: segment 5: paddr=0003b9ec vaddr=40082ff0 size=0a028h ( 41000) load[0m
[0;32mI (185) boot: Loaded app from partition at offset 0x10000[0m
[0;32mI (186) boot: Disabling RNG early entropy source...[0m
[0;32mI (196) cpu_start: Multicore app[0m
[0;32mI (205) cpu_start: Pro cpu start user code[0m
[0;32mI (205) cpu_start: cpu freq: 160000000 Hz[0m
[0;32mI (205) app_init: Application information:[0m
[0;32mI (205) app_init: Project name:     BlindsPWM2[0m
[0;32mI (209) app_init: App version:      8f5cee6-dirty[0m
[0;32mI (213) app_init: Compile time:     Feb 10 2025 12:32:50[0m
[0;32mI (218) app_init: ELF file SHA256:  4cc67b0b0...[0m
[0;32mI (223) app_init: ESP-IDF:          v5.4-dirty[0m
[0;32mI (227) efuse_init: Min chip rev:     v0.0[0m
[0;32mI (231) efuse_init: Max chip rev:     v3.99 [0m
[0;32mI (235) efuse_init: Chip rev:         v1.0[0m
[0;32mI (239) heap_init: Initializing. RAM available for dynamic allocation:[0m
[0;32mI (245) heap_init: At 3FFAE6E0 len 00001920 (6 KiB): DRAM[0m
[0;32mI (250) heap_init: At 3FFB2D80 len 0002D280 (180 KiB): DRAM[0m
[0;32mI (255) heap_init: At 3FFE0440 len 00003AE0 (14 KiB): D/IRAM[0m
[0;32mI (261) heap_init: At 3FFE4350 len 0001BCB0 (111 KiB): D/IRAM[0m
[0;32mI (266) heap_init: At 4008D018 len 00012FE8 (75 KiB): IRAM[0m
[0;32mI (273) spi_flash: detected chip: generic[0m
[0;32mI (275) spi_flash: flash io: dio[0m
[0;33mW (278) spi_flash: Detected size(4096k) larger than the size in the binary image header(2048k). Using the size in the binary image header.[0m
[0;32mI (291) main_task: Started on CPU0[0m
[0;32mI (301) main_task: Calling app_main()[0m
[0;32mI (301) main_task: Returned from app_main()[0m
got time
0got time
0got time
0got time
0got time
0got time
0got time
0got time
0got time
0got time
0got time
0got time
0got time
0got time
0got time
0got time
0got time
0got time
0got time
0got time
0got time
0got time
0got time
0got time
0got time
0got time
0got time
0got time
0got time
0got time
0got time
0got time
0got time
0got time
0got time
0got time

abort() was called at PC 0x400827ab on core 0


Backtrace: 0x400818e5:0x3ffb0b90 0x40085a01:0x3ffb0bb0 0x4008b8c9:0x3ffb0bd0 0x400827ab:0x3ffb0c40 0x400828e9:0x3ffb0c70 0x40082976:0x3ffb0c90 0x400e139f:0x3ffb0cc0 0x400db07f:0x3ffb0fe0 0x40082ac2:0x3ffb1030 0x4008309a:0x3ffb1050 0x4008312a:0x3ffb1080 0x40082e49:0x3ffb10b0 0x4008476f:0x3ffb4650 0x400d24af:0x3ffb4670 0x40086fe2:0x3ffb4690 0x400861f5:0x3ffb46b0




ELF file SHA256: 4cc67b0b0

Rebooting...
ets Jun  8 2016 00:22:57

rst:0xc (SW_CPU_RESET),boot:0x13 (SPI_FAST_FLASH_BOOT)
configsip: 0, SPIWP:0xee
clk_drv:0x00,q_drv:0x00,d_drv:0x00,cs0_drv:0x00,hd_drv:0x00,wp_drv:0x00
mode:DIO, clock div:2
load:0x3fff0030,len:6276
load:0x40078000,len:15716
load:0x40080400,len:4
ho 8 tail 4 room 4
load:0x40080404,len:3860
entry 0x4008063c
[0;32mI (30) boot: ESP-IDF v5.4-dirty 2nd stage bootloader[0m
[0;32mI (31) boot: compile time Jan 27 2025 13:56:41[0m
[0;32mI (31) boot: Multicore bootloader[0m
[0;32mI (33) boot: chip revision: v1.0[0m
[0;32mI (35) boot.esp32: SPI Speed      : 40MHz[0m
[0;32mI (39) boot.esp32: SPI Mode       : DIO[0m
[0;32mI (43) boot.esp32: SPI Flash Size : 2MB[0m
[0;32mI (46) boot: Enabling RNG early entropy source...[0m
[0;32mI (51) boot: Partition Table:[0m
[0;32mI (53) boot: ## Label            Usage          Type ST Offset   Length[0m
[0;32mI (60) boot:  0 nvs              WiFi data        01 02 00009000 00006000[0m
[0;32mI (66) boot:  1 phy_init         RF data          01 01 0000f000 00001000[0m
[0;32mI (73) boot:  2 factory          factory app      00 00 00010000 00100000[0m
[0;32mI (79) boot: End of partition table[0m
[0;32mI (83) esp_image: segment 0: paddr=00010020 vaddr=3f400020 size=0abb0h ( 43952) map[0m
[0;32mI (105) esp_image: segment 1: paddr=0001abd8 vaddr=3ff80000 size=0001ch (    28) load[0m
[0;32mI (105) esp_image: segment 2: paddr=0001abfc vaddr=3ffb0000 size=02424h (  9252) load[0m
[0;32mI (112) esp_image: segment 3: paddr=0001d028 vaddr=40080000 size=02ff0h ( 12272) load[0m
[0;32mI (121) esp_image: segment 4: paddr=00020020 vaddr=400d0020 size=1b9c4h (113092) map[0m
[0;32mI (163) esp_image: segment 5: paddr=0003b9ec vaddr=40082ff0 size=0a028h ( 41000) load[0m
[0;32mI (185) boot: Loaded app from partition at offset 0x10000[0m
[0;32mI (185) boot: Disabling RNG early entropy source...[0m
[0;32mI (196) cpu_start: Multicore app[0m
[0;32mI (204) cpu_start: Pro cpu start user code[0m
[0;32mI (204) cpu_start: cpu freq: 160000000 Hz[0m
[0;32mI (204) app_init: Application information:[0m
[0;32mI (204) app_init: Project name:     BlindsPWM2[0m
[0;32mI (209) app_init: App version:      8f5cee6-dirty[0m
[0;32mI (213) app_init: Compile time:     Feb 10 2025 12:32:50[0m
[0;32mI (218) app_init: ELF file SHA256:  4cc67b0b0...[0m
[0;32mI (222) app_init: ESP-IDF:          v5.4-dirty[0m
[0;32mI (227) efuse_init: Min chip rev:     v0.0[0m
[0;32mI (230) efuse_init: Max chip rev:     v3.99 [0m
[0;32mI (234) efuse_init: Chip rev:         v1.0[0m
[0;32mI (239) heap_init: Initializing. RAM available for dynamic allocation:[0m
[0;32mI (245) heap_init: At 3FFAE6E0 len 00001920 (6 KiB): DRAM[0m
[0;32mI (250) heap_init: At 3FFB2D80 len 0002D280 (180 KiB): DRAM[0m
[0;32mI (255) heap_init: At 3FFE0440 len 00003AE0 (14 KiB): D/IRAM[0m
[0;32mI (260) heap_init: At 3FFE4350 len 0001BCB0 (111 KiB): D/IRAM[0m
[0;32mI (266) heap_init: At 4008D018 len 00012FE8 (75 KiB): IRAM[0m
[0;32mI (272) spi_flash: detected chip: generic[0m
[0;32mI (275) spi_flash: flash io: dio[0m
[0;33mW (278) spi_flash: Detected size(4096k) larger than the size in the binary image header(2048k). Using the size in the binary image header.[0m
[0;32mI (290) main_task: Started on CPU0[0m
[0;32mI (300) main_task: Calling app_main()[0m
[0;32mI (300) main_task: Returned from app_main()[0m
got time
0got time
0got time
0got time
0got time
0got time
0got time
0got time
0got time
0got time
0got time
0got time
0got time
0got time
0got time
0got time
0got time
0got time
0got time
0got time
0got time
0got time
0got time
0got time
0got time
0got time
0got time
0got time
0got time
0got time
0got time
0got time
0got time
0got time
0got time
0got time
0got time
0got time
0got time
0got time
0got time
0got time
0got time
0got time
0got time
0got time
0got time
0got time
0got time
0got time
0got time
0got time
0got time
0got time
0got time
0got time
0got time
0got time
0got time
0got time
0got time
0got time
0got time
0got time
0got time
0got time
0got time
0got time
0got time
0got time
0got time
0got time
0got time
0got time
0got time
0got time
0got time
0got time
0got time
0got time
0got time
0got time
0got time
0got time
0got time
0got time
0got time
0got time
0got time
0got time
0got time
0got time
0got time
0got time
0got time
0got time
0got time
0got time
0got time
0got time
0got time
0got time
0got time
0got time
0got time
0got time
0got time
0got time
0got time
0got time
0got time
0got time
0got time
0got time
0got time
0got time
0got time
0got time
0got time
0got time
0got time
0got time
0got time
0got time
0got time
0got time
0got time
0got time
0got time
0got time
0got time
0got time
0got time
ets Jun  8 2016 00:22:57

rst:0x1 (POWERON_RESET),boot:0x13 (SPI_FAST_FLASH_BOOT)
configsip: 0, SPIWP:0xee
clk_drv:0x00,q_drv:0x00,d_drv:0x00,cs0_drv:0x00,hd_drv:0x00,wp_drv:0x00
mode:DIO, clock div:2
load:0x3fff0030,len:6276
load:0x40078000,len:15716
load:0x40080400,len:4
ho 8 tail 4 room 4
load:0x40080404,len:3860
entry 0x4008063c
[0;32mI (31) boot: ESP-IDF v5.4-dirty 2nd stage bootloader[0m
[0;32mI (31) boot: compile time Jan 27 2025 13:56:41[0m
[0;32mI (31) boot: Multicore bootloader[0m
[0;32mI (33) boot: chip revision: v1.0[0m
[0;32mI (36) boot.esp32: SPI Speed      : 40MHz[0m
[0;32mI (39) boot.esp32: SPI Mode       : DIO[0m
[0;32mI (43) boot.esp32: SPI Flash Size : 2MB[0m
[0;32mI (47) boot: Enabling RNG early entropy source...[0m
[0;32mI (51) boot: Partition Table:[0m
[0;32mI (54) boot: ## Label            Usage          Type ST Offset   Length[0m
[0;32mI (60) boot:  0 nvs              WiFi data        01 02 00009000 00006000[0m
[0;32mI (67) boot:  1 phy_init         RF data          01 01 0000f000 00001000[0m
[0;32mI (73) boot:  2 factory          factory app      00 00 00010000 00100000[0m
[0;32mI (80) boot: End of partition table[0m
[0;32mI (83) esp_image: segment 0: paddr=00010020 vaddr=3f400020 size=0abb0h ( 43952) map[0m
[0;32mI (105) esp_image: segment 1: paddr=0001abd8 vaddr=3ff80000 size=0001ch (    28) load[0m
[0;32mI (106) esp_image: segment 2: paddr=0001abfc vaddr=3ffb0000 size=02424h (  9252) load[0m
[0;32mI (113) esp_image: segment 3: paddr=0001d028 vaddr=40080000 size=02ff0h ( 12272) load[0m
[0;32mI (122) esp_image: segment 4: paddr=00020020 vaddr=400d0020 size=1b9c4h (113092) map[0m
[0;32mI (163) esp_image: segment 5: paddr=0003b9ec vaddr=40082ff0 size=0a028h ( 41000) load[0m
[0;32mI (185) boot: Loaded app from partition at offset 0x10000[0m
[0;32mI (186) boot: Disabling RNG early entropy source...[0m
[0;32mI (196) cpu_start: Multicore app[0m
[0;32mI (205) cpu_start: Pro cpu start user code[0m
[0;32mI (205) cpu_start: cpu freq: 160000000 Hz[0m
[0;32mI (205) app_init: Application information:[0m
[0;32mI (205) app_init: Project name:     BlindsPWM2[0m
[0;32mI (209) app_init: App version:      8f5cee6-dirty[0m
[0;32mI (213) app_init: Compile time:     Feb 10 2025 12:32:50[0m
[0;32mI (218) app_init: ELF file SHA256:  4cc67b0b0...[0m
[0;32mI (223) app_init: ESP-IDF:          v5.4-dirty[0m
[0;32mI (227) efuse_init: Min chip rev:     v0.0[0m
[0;32mI (231) efuse_init: Max chip rev:     v3.99 [0m
[0;32mI (235) efuse_init: Chip rev:         v1.0[0m
[0;32mI (239) heap_init: Initializing. RAM available for dynamic allocation:[0m
[0;32mI (245) heap_init: At 3FFAE6E0 len 00001920 (6 KiB): DRAM[0m
[0;32mI (250) heap_init: At 3FFB2D80 len 0002D280 (180 KiB): DRAM[0m
[0;32mI (255) heap_init: At 3FFE0440 len 00003AE0 (14 KiB): D/IRAM[0m
[0;32mI (261) heap_init: At 3FFE4350 len 0001BCB0 (111 KiB): D/IRAM[0m
[0;32mI (266) heap_init: At 4008D018 len 00012FE8 (75 KiB): IRAM[0m
[0;32mI (273) spi_flash: detected chip: generic[0m
[0;32mI (275) spi_flash: flash io: dio[0m
[0;33mW (278) spi_flash: Detected size(4096k) larger than the size in the binary image header(2048k). Using the size in the binary image header.[0m
[0;32mI (291) main_task: Started on CPU0[0m
[0;32mI (301) main_task: Calling app_main()[0m
[0;32mI (301) main_task: Returned from app_main()[0m
got time
0got time
0got time
0got time
0got time
0got time
0got time
0got time
0got time

abort() was called at PC 0x400827ab on core 0


Backtrace: 0x400818e5:0x3ffb0b90 0x40085a01:0x3ffb0bb0 0x4008b8c9:0x3ffb0bd0 0x400827ab:0x3ffb0c40 0x400828e9:0x3ffb0c70 0x40082976:0x3ffb0c90 0x400e139f:0x3ffb0cc0 0x400db07f:0x3ffb0fe0 0x40082ac2:0x3ffb1030 0x4008309a:0x3ffb1050 0x4008312a:0x3ffb1080 0x40082e49:0x3ffb10b0 0x4008476f:0x3ffb4650 0x400d24af:0x3ffb4670 0x40086fe2:0x3ffb4690 0x400861f5:0x3ffb46b0




ELF file SHA256: 4cc67b0b0

Rebooting...
ets Jun  8 2016 00:22:57

rst:0xc (SW_CPU_RESET),boot:0x13 (SPI_FAST_FLASH_BOOT)
configsip: 0, SPIWP:0xee
clk_drv:0x00,q_drv:0x00,d_drv:0x00,cs0_drv:0x00,hd_drv:0x00,wp_drv:0x00
mode:DIO, clock div:2
load:0x3fff0030,len:6276
load:0x40078000,len:15716
load:0x40080400,len:4
ho 8 tail 4 room 4
load:0x40080404,len:3860
entry 0x4008063c
[0;32mI (30) boot: ESP-IDF v5.4-dirty 2nd stage bootloader[0m
[0;32mI (31) boot: compile time Jan 27 2025 13:56:41[0m
[0;32mI (31) boot: Multicore bootloader[0m
[0;32mI (33) boot: chip revision: v1.0[0m
[0;32mI (35) boot.esp32: SPI Speed      : 40MHz[0m
[0;32mI (39) boot.esp32: SPI Mode       : DIO[0m
[0;32mI (43) boot.esp32: SPI Flash Size : 2MB[0m
[0;32mI (46) boot: Enabling RNG early entropy source...[0m
[0;32mI (51) boot: Partition Table:[0m
[0;32mI (53) boot: ## Label            Usage          Type ST Offset   Length[0m
[0;32mI (60) boot:  0 nvs              WiFi data        01 02 00009000 00006000[0m
[0;32mI (66) boot:  1 phy_init         RF data          01 01 0000f000 00001000[0m
[0;32mI (73) boot:  2 factory          factory app      00 00 00010000 00100000[0m
[0;32mI (79) boot: End of partition table[0m
[0;32mI (83) esp_image: segment 0: paddr=00010020 vaddr=3f400020 size=0abb0h ( 43952) map[0m
[0;32mI (105) esp_image: segment 1: paddr=0001abd8 vaddr=3ff80000 size=0001ch (    28) load[0m
[0;32mI (105) esp_image: segment 2: paddr=0001abfc vaddr=3ffb0000 size=02424h (  9252) load[0m
[0;32mI (112) esp_image: segment 3: paddr=0001d028 vaddr=40080000 size=02ff0h ( 12272) load[0m
[0;32mI (121) esp_image: segment 4: paddr=00020020 vaddr=400d0020 size=1b9c4h (113092) map[0m
[0;32mI (163) esp_image: segment 5: paddr=0003b9ec vaddr=40082ff0 size=0a028h ( 41000) load[0m
[0;32mI (185) boot: Loaded app from partition at offset 0x10000[0m
[0;32mI (185) boot: Disabling RNG early entropy source...[0m
[0;32mI (196) cpu_start: Multicore app[0m
[0;32mI (204) cpu_start: Pro cpu start user code[0m
[0;32mI (204) cpu_start: cpu freq: 160000000 Hz[0m
[0;32mI (204) app_init: Application information:[0m
[0;32mI (204) app_init: Project name:     BlindsPWM2[0m
[0;32mI (209) app_init: App version:      8f5cee6-dirty[0m
[0;32mI (213) app_init: Compile time:     Feb 10 2025 12:32:50[0m
[0;32mI (218) app_init: ELF file SHA256:  4cc67b0b0...[0m
[0;32mI (222) app_init: ESP-IDF:          v5.4-dirty[0m
[0;32mI (227) efuse_init: Min chip rev:     v0.0[0m
[0;32mI (230) efuse_init: Max chip rev:     v3.99 [0m
[0;32mI (234) efuse_init: Chip rev:         v1.0[0m
[0;32mI (239) heap_init: Initializing. RAM available for dynamic allocation:[0m
[0;32mI (245) heap_init: At 3FFAE6E0 len 00001920 (6 KiB): DRAM[0m
[0;32mI (250) heap_init: At 3FFB2D80 len 0002D280 (180 KiB): DRAM[0m
[0;32mI (255) heap_init: At 3FFE0440 len 00003AE0 (14 KiB): D/IRAM[0m
[0;32mI (260) heap_init: At 3FFE4350 len 0001BCB0 (111 KiB): D/IRAM[0m
[0;32mI (266) heap_init: At 4008D018 len 00012FE8 (75 KiB): IRAM[0m
[0;32mI (272) spi_flash: detected chip: generic[0m
[0;32mI (275) spi_flash: flash io: dio[0m
[0;33mW (278) spi_flash: Detected size(4096k) larger than the size in the binary image header(2048k). Using the size in the binary image header.[0m
[0;32mI (290) main_task: Started on CPU0[0m
[0;32mI (300) main_task: Calling app_main()[0m
[0;32mI (300) main_task: Returned from app_main()[0m

abort() was called at PC 0x400827ab on core 0


Backtrace: 0x400818e5:0x3ffb0b90 0x40085a01:0x3ffb0bb0 0x4008b8c9:0x3ffb0bd0 0x400827ab:0x3ffb0c40 0x400828e9:0x3ffb0c70 0x40082976:0x3ffb0c90 0x400e139f:0x3ffb0cc0 0x400db07f:0x3ffb0fe0 0x40082ac2:0x3ffb1030 0x4008309a:0x3ffb1050 0x4008312a:0x3ffb1080 0x40082e49:0x3ffb10b0 0x4008476f:0x3ffb4650 0x400d24af:0x3ffb4670 0x40086fe2:0x3ffb4690 0x400861f5:0x3ffb46b0




ELF file SHA256: 4cc67b0b0

Rebooting...
ets Jun  8 2016 00:22:57

rst:0xc (SW_CPU_RESET),boot:0x13 (SPI_FAST_FLASH_BOOT)
configsip: 0, SPIWP:0xee
clk_drv:0x00,q_drv:0x00,d_drv:0x00,cs0_drv:0x00,hd_drv:0x00,wp_drv:0x00
mode:DIO, clock div:2
load:0x3fff0030,len:6276
load:0x40078000,len:15716
load:0x40080400,len:4
ho 8 tail 4 room 4
load:0x40080404,len:3860
entry 0x4008063c
[0;32mI (30) boot: ESP-IDF v5.4-dirty 2nd stage bootloader[0m
[0;32mI (31) boot: compile time Jan 27 2025 13:56:41[0m
[0;32mI (31) boot: Multicore bootloader[0m
[0;32mI (33) boot: chip revision: v1.0[0m
[0;32mI (35) boot.esp32: SPI Speed      : 40MHz[0m
[0;32mI (39) boot.esp32: SPI Mode       : DIO[0m
[0;32mI (43) boot.esp32: SPI Flash Size : 2MB[0m
[0;32mI (46) boot: Enabling RNG early entropy source...[0m
[0;32mI (51) boot: Partition Table:[0m
[0;32mI (53) boot: ## Label            Usage          Type ST Offset   Length[0m
[0;32mI (60) boot:  0 nvs              WiFi data        01 02 00009000 00006000[0m
[0;32mI (66) boot:  1 phy_init         RF data          01 01 0000f000 00001000[0m
[0;32mI (73) boot:  2 factory          factory app      00 00 00010000 00100000[0m
[0;32mI (79) boot: End of partition table[0m
[0;32mI (83) esp_image: segment 0: paddr=00010020 vaddr=3f400020 size=0abb0h ( 43952) map[0m
[0;32mI (105) esp_image: segment 1: paddr=0001abd8 vaddr=3ff80000 size=0001ch (    28) load[0m
[0;32mI (105) esp_image: segment 2: paddr=0001abfc vaddr=3ffb0000 size=02424h (  9252) load[0m
[0;32mI (112) esp_image: segment 3: paddr=0001d028 vaddr=40080000 size=02ff0h ( 12272) load[0m
[0;32mI (121) esp_image: segment 4: paddr=00020020 vaddr=400d0020 size=1b9c4h (113092) map[0m
[0;32mI (163) esp_image: segment 5: paddr=0003b9ec vaddr=40082ff0 size=0a028h ( 41000) load[0m
[0;32mI (185) boot: Loaded app from partition at offset 0x10000[0m
[0;32mI (185) boot: Disabling RNG early entropy source...[0m
[0;32mI (196) cpu_start: Multicore app[0m
[0;32mI (204) cpu_start: Pro cpu start user code[0m
[0;32mI (204) cpu_start: cpu freq: 160000000 Hz[0m
[0;32mI (204) app_init: Application information:[0m
[0;32mI (204) app_init: Project name:     BlindsPWM2[0m
[0;32mI (209) app_init: App version:      8f5cee6-dirty[0m
[0;32mI (213) app_init: Compile time:     Feb 10 2025 12:32:50[0m
[0;32mI (218) app_init: ELF file SHA256:  4cc67b0b0...[0m
[0;32mI (222) app_init: ESP-IDF:          v5.4-dirty[0m
[0;32mI (227) efuse_init: Min chip rev:     v0.0[0m
[0;32mI (230) efuse_init: Max chip rev:     v3.99 [0m
[0;32mI (234) efuse_init: Chip rev:         v1.0[0m
[0;32mI (239) heap_init: Initializing. RAM available for dynamic allocation:[0m
[0;32mI (245) heap_init: At 3FFAE6E0 len 00001920 (6 KiB): DRAM[0m
[0;32mI (250) heap_init: At 3FFB2D80 len 0002D280 (180 KiB): DRAM[0m
[0;32mI (255) heap_init: At 3FFE0440 len 00003AE0 (14 KiB): D/IRAM[0m
[0;32mI (260) heap_init: At 3FFE4350 len 0001BCB0 (111 KiB): D/IRAM[0m
[0;32mI (266) heap_init: At 4008D018 len 00012FE8 (75 KiB): IRAM[0m
[0;32mI (272) spi_flash: detected chip: generic[0m
[0;32mI (275) spi_flash: flash io: dio[0m
[0;33mW (278) spi_flash: Detected size(4096k) larger than the size in the binary image header(2048k). Using the size in the binary image header.[0m
[0;32mI (290) main_task: Started on CPU0[0m
[0;32mI (300) main_task: Calling app_main()[0m
[0;32mI (300) main_task: Returned from app_main()[0m
got time
0got time
0got time
0got time
0got time
0got time
0got time
0got time
0got time
0got time
0got time
0got time
0got time
0got time
0got time
0got time
0got time
0got time
0got time
0got time
0got time
0got time
0got time
0got time
0got time
0got time
0got time
0got time
0got time
0got time
0got time
0got time
0got time
0got time
0got time
0got time
0got time
0got time
0got time
0got time
0got time
0got time
0got time
0got time
0got time
0got time
0got time
0got time
0got time
0got time
0got time
0got time
0got time
0got time
0got time
0got time
0got time
0got time
0got time
0got time
0got time
0got time
0got time
0got time
0got time
0got time
0got time
0got time
0got time
0got time
0got time
0got time
0got time
0got time
0got time
0got time
0got time
0got time
0got time
0got time
0got time
0got time
0got time
0got time
0got time
0got time
0got time
0got time
0got time
0got time
0got time
0got time
0got time
0got time
0got time
0got time
0got time
0got time
0got time
0got time
0got time
0got time
0got time
0got time
0got time
0got time
0got time
0got time
0got time
0got time
0got time
0got time
0got time
0got time
0got time
0got time
0got time
0got time
0got time
0got time
0got time
0got time
0got time
0got time
0got time
0got time
0got time
0got time
0got time
0got time
0got time
0got time
0got time
0got time
0got time
0got time
0got time
0got time
0got time
0got time
0got time
0got time
0got time
0got time
0got time
0got time
0got time
0got time
0got time
0got time
0got time
0got time
0got time
0got time
0got time
0got time
0got time
0got time
0got time
0got time
0got time
0got time
0got time
0got time
0got time
0got time
0got time
0got time
0got time
0got time
0got time
0got time
0got time
0got time
0got time
0got time
0got time
0got time
0got time
0got time
0got time
0got time
0got time
0got time
0got time
0got time
0got time
0got time
0got time
0got time
0got time
0got time

abort() was called at PC 0x400827ab on core 0


Backtrace: 0x400818e5:0x3ffb0b90 0x40085a01:0x3ffb0bb0 0x4008b8c9:0x3ffb0bd0 0x400827ab:0x3ffb0c40 0x400828e9:0x3ffb0c70 0x40082976:0x3ffb0c90 0x400e139f:0x3ffb0cc0 0x400db07f:0x3ffb0fe0 0x40082ac2:0x3ffb1030 0x4008309a:0x3ffb1050 0x4008312a:0x3ffb1080 0x40082e49:0x3ffb10b0 0x4008476f:0x3ffb4650 0x400d24af:0x3ffb4670 0x40086fe2:0x3ffb4690 0x400861f5:0x3ffb46b0




ELF file SHA256: 4cc67b0b0

Rebooting...
ets Jun  8 2016 00:22:57

rst:0xc (SW_CPU_RESET),boot:0x13 (SPI_FAST_FLASH_BOOT)
configsip: 0, SPIWP:0xee
clk_drv:0x00,q_drv:0x00,d_drv:0x00,cs0_drv:0x00,hd_drv:0x00,wp_drv:0x00
mode:DIO, clock div:2
load:0x3fff0030,len:6276
load:0x40078000,len:15716
load:0x40080400,len:4
ho 8 tail 4 room 4
load:0x40080404,len:3860
entry 0x4008063c
[0;32mI (30) boot: ESP-IDF v5.4-dirty 2nd stage bootloader[0m
[0;32mI (31) boot: compile time Jan 27 2025 13:56:41[0m
[0;32mI (31) boot: Multicore bootloader[0m
[0;32mI (33) boot: chip revision: v1.0[0m
[0;32mI (35) boot.esp32: SPI Speed      : 40MHz[0m
[0;32mI (39) boot.esp32: SPI Mode       : DIO[0m
[0;32mI (43) boot.esp32: SPI Flash Size : 2MB[0m
[0;32mI (46) boot: Enabling RNG early entropy source...[0m
[0;32mI (51) boot: Partition Table:[0m
[0;32mI (53) boot: ## Label            Usage          Type ST Offset   Length[0m
[0;32mI (60) boot:  0 nvs              WiFi data        01 02 00009000 00006000[0m
[0;32mI (66) boot:  1 phy_init         RF data          01 01 0000f000 00001000[0m
[0;32mI (73) boot:  2 factory          factory app      00 00 00010000 00100000[0m
[0;32mI (79) boot: End of partition table[0m
[0;32mI (83) esp_image: segment 0: paddr=00010020 vaddr=3f400020 size=0abb0h ( 43952) map[0m
[0;32mI (105) esp_image: segment 1: paddr=0001abd8 vaddr=3ff80000 size=0001ch (    28) load[0m
[0;32mI (105) esp_image: segment 2: paddr=0001abfc vaddr=3ffb0000 size=02424h (  9252) load[0m
[0;32mI (112) esp_image: segment 3: paddr=0001d028 vaddr=40080000 size=02ff0h ( 12272) load[0m
[0;32mI (121) esp_image: segment 4: paddr=00020020 vaddr=400d0020 size=1b9c4h (113092) map[0m
[0;32mI (163) esp_image: segment 5: paddr=0003b9ec vaddr=40082ff0 size=0a028h ( 41000) load[0m
[0;32mI (185) boot: Loaded app from partition at offset 0x10000[0m
[0;32mI (185) boot: Disabling RNG early entropy source...[0m
[0;32mI (196) cpu_start: Multicore app[0m
[0;32mI (204) cpu_start: Pro cpu start user code[0m
I (204) cpu_start: cpu freq: 160000000 Hz
[0;32mI (204) app_init: Application information:[0m
[0;32mI (204) app_init: Project name:     BlindsPWM2[0m
[0;32mI (209) app_init: App version:      8f5cee6-dirty[0m
[0;32mI (213) app_init: Compile time:     Feb 10 2025 12:32:50[0m
[0;32mI (218) app_init: ELF file SHA256:  4cc67b0b0...[0m
[0;32mI (222) app_init: ESP-IDF:          v5.4-dirty[0m
[0;32mI (227) efuse_init: Min chip rev:     v0.0[0m
[0;32mI (230) efuse_init: Max chip rev:     v3.99 [0m
[0;32mI (234) efuse_init: Chip rev:         v1.0[0m
[0;32mI (239) heap_init: Initializing. RAM available for dynamic allocation:[0m
[0;32mI (245) heap_init: At 3FFAE6E0 len 00001920 (6 KiB): DRAM[0m
[0;32mI (250) heap_init: At 3FFB2D80 len 0002D280 (180 KiB): DRAM[0m
[0;32mI (255) heap_init: At 3FFE0440 len 00003AE0 (14 KiB): D/IRAM[0m
[0;32mI (260) heap_init: At 3FFE4350 len 0001BCB0 (111 KiB): D/IRAM[0m
[0;32mI (266) heap_init: At 4008D018 len 00012FE8 (75 KiB): IRAM[0m
[0;32mI (272) spi_flash: detected chip: generic[0m
[0;32mI (275) spi_flash: flash io: dio[0m
[0;33mW (278) spi_flash: Detected size(4096k) larger than the size in the binary image header(2048k). Using the size in the binary image header.[0m
[0;32mI (291) main_task: Started on CPU0[0m
[0;32mI (301) main_task: Calling app_main()[0m
[0;32mI (301) main_task: Returned from app_main()[0m
got time
0got time
0got time
0got time
0got time
0got time
0got time
0got time
0got time
0got time
0got time
0got time
0got time
0got time
0got time
0got time
0got time
0got time
0got time
0got time
0got time
0got time
0got time
0got time
0got time
0got time
0got time
0got time
0got time
0got time
0got time
0got time
0got time
0got time
0got time
0got time
0got time
0got time
0got time
0got time
0got time
0got time
0got time
0got time
0got time
0got time
0got time
0got time
0got time
0got time
0got time
0got time
0got time
0got time
0got time
0got time
0got time
0got time
0got time
0got time
0got time
0got time
0got time
0got time
0got time
0got time
0got time
0got time
0got time
0got time
0got time
0got time
0got time
0got time
0got time
0got time
0got time
0got time
0got time
0got time
0got time
0got time
0got time
0got time
0got time
0got time
0got time
0got time
0got time
0got time
0got time
0got time
0got time
0got time
0got time
0got time
0got time
0got time
0got time
0got time
0got time
0got time
0got time
0got time
0got time
0got time
0got time
0got time
0got time
0got time
0got time
0got time
0got time
0got time
0got time
0got time
0got time
0got time
0got time
0got time
0got time
0got time
0got time
0got time
0got time
0got time
0got time
0got time
0got time
0got time
0got time
0got time
0got time
0got time
0got time
0got time
0got time
0got time
0got time
0got time
0got time
0got time
0got time
0got time
0got time
0got time
0got time
0got time
0got time
0got time
0got time
0got time
0got time
0got time
0got time
0got time
0got time
0got time
0got time
0got time
0got time
0got time
0got time
0got time
0got time
0got time
0got time
0got time
0got time
0got time
0got time
0got time
0got time
0got time
0got time
0got time
0got time
0got time
0got time
0got time
0got time
0got time
0got time
0got time
0got time
0got time
0got time
0got time
0got time
0got time
0got time
0got time
0got time
0got time
0got time
0got time
0got time
0got time
0got time
0got time
0got time
0got time
0got time
0got time
0got time
0got time
0got time
0got time
0got time
0got time
0got time
0got time
0got time
0got time
0got time
0got time
0got time
0got time
0got time
0got time
0got time
0got time
0got time
0got time
0got time
0got time
0got time
0got time
0got time
0got time
0got time
0got time
0got time
0got time
0got time
0got time
0got time
0got time
0got time
0got time
0got time
0got time
0got time
0got time
0got time
0got time
0got time
0got time
0got time
0got time
0got time
0got time
0got time
0got time
0got time
0got time
0got time
0got time
0got time
0got time
0got time
0got time
0got time
0got time
0got time
0got time
0got time
0got time
0got time
0got time
0got time
0got time
0got time
0got time
0got time
0got time
0got time
0got time
0got time
0got time
0got time
0got time
0got time

abort() was called at PC 0x400827ab on core 0


Backtrace: 0x400818e5:0x3ffb0b90 0x40085a01:0x3ffb0bb0 0x4008b8c9:0x3ffb0bd0 0x400827ab:0x3ffb0c40 0x400828e9:0x3ffb0c70 0x40082976:0x3ffb0c90 0x400e139f:0x3ffb0cc0 0x400db07f:0x3ffb0fe0 0x40082ac2:0x3ffb1030 0x4008309a:0x3ffb1050 0x4008312a:0x3ffb1080 0x40082e49:0x3ffb10b0 0x4008476f:0x3ffb4650 0x400d24af:0x3ffb4670 0x40086fe2:0x3ffb4690 0x400861f5:0x3ffb46b0




ELF file SHA256: 4cc67b0b0

Rebooting...
ets Jun  8 2016 00:22:57

rst:0xc (SW_CPU_RESET),boot:0x13 (SPI_FAST_FLASH_BOOT)
configsip: 0, SPIWP:0xee
clk_drv:0x00,q_drv:0x00,d_drv:0x00,cs0_drv:0x00,hd_drv:0x00,wp_drv:0x00
mode:DIO, clock div:2
load:0x3fff0030,len:6276
load:0x40078000,len:15716
load:0x40080400,len:4
ho 8 tail 4 room 4
load:0x40080404,len:3860
entry 0x4008063c
[0;32mI (30) boot: ESP-IDF v5.4-dirty 2nd stage bootloader[0m
[0;32mI (31) boot: compile time Jan 27 2025 13:56:41[0m
[0;32mI (31) boot: Multicore bootloader[0m
[0;32mI (33) boot: chip revision: v1.0[0m
[0;32mI (35) boot.esp32: SPI Speed      : 40MHz[0m
[0;32mI (39) boot.esp32: SPI Mode       : DIO[0m
[0;32mI (43) boot.esp32: SPI Flash Size : 2MB[0m
[0;32mI (46) boot: Enabling RNG early entropy source...[0m
[0;32mI (51) boot: Partition Table:[0m
[0;32mI (53) boot: ## Label            Usage          Type ST Offset   Length[0m
[0;32mI (60) boot:  0 nvs              WiFi data        01 02 00009000 00006000[0m
[0;32mI (66) boot:  1 phy_init         RF data          01 01 0000f000 00001000[0m
[0;32mI (73) boot:  2 factory          factory app      00 00 00010000 00100000[0m
[0;32mI (79) boot: End of partition table[0m
[0;32mI (83) esp_image: segment 0: paddr=00010020 vaddr=3f400020 size=0abb0h ( 43952) map[0m
[0;32mI (105) esp_image: segment 1: paddr=0001abd8 vaddr=3ff80000 size=0001ch (    28) load[0m
[0;32mI (105) esp_image: segment 2: paddr=0001abfc vaddr=3ffb0000 size=02424h (  9252) load[0m
[0;32mI (112) esp_image: segment 3: paddr=0001d028 vaddr=40080000 size=02ff0h ( 12272) load[0m
[0;32mI (121) esp_image: segment 4: paddr=00020020 vaddr=400d0020 size=1b9c4h (113092) map[0m
[0;32mI (163) esp_image: segment 5: paddr=0003b9ec vaddr=40082ff0 size=0a028h ( 41000) load[0m
[0;32mI (185) boot: Loaded app from partition at offset 0x10000[0m
[0;32mI (185) boot: Disabling RNG early entropy source...[0m
[0;32mI (196) cpu_start: Multicore app[0m
[0;32mI (204) cpu_start: Pro cpu start user code[0m
[0;32mI (204) cpu_start: cpu freq: 160000000 Hz[0m
[0;32mI (204) app_init: Application information:[0m
[0;32mI (205) app_init: Project name:     BlindsPWM2[0m
[0;32mI (209) app_init: App version:      8f5cee6-dirty[0m
[0;32mI (213) app_init: Compile time:     Feb 10 2025 12:32:50[0m
[0;32mI (218) app_init: ELF file SHA256:  4cc67b0b0...[0m
[0;32mI (222) app_init: ESP-IDF:          v5.4-dirty[0m