ï¿½ï¿½ï¿½Kï¿½ï¿½.0
I (36ï¿½ets Jun  8 2016 00:22:57

rst:0x1 (POWERON_RESET),boot:0x13 (SPI_FAST_FLASH_BOOT)
configsip: 0, SPIWP:0xee
clk_drv:0x00,q_drv:0x00,d_drv:0x00,cs0_drv:0x00,hd_drv:0x00,wp_drv:0x00
mode:DIO, clock div:2
load:0x3fff0030,len:6276
load:0x40078000,len:15716
load:0x40080400,len:4
ho 8 tail 4 room 4
load:0x40080404,len:3860
entry 0x4008063c
[0;32mI (31) boot: ESP-IDF v5.4-dirty 2nd stage bootloader[0m
[0;32mI (31) boot: compile time Jan 27 2025 13:56:41[0m
[0;32mI (31) boot: Multicore bootloader[0m
[0;32mI (33) boot: chip revision: v1.0[0m
[0;32mI (36) boot.esp32: SPI Speed      : 40MHz[0m
[0;32mI (40) boot.esp32: SPI Mode       : DIO[0m
[0;32mI (43) boot.esp32: SPI Flash Size : 2MB[0m
[0;32mI (47) boot: Enabling RNG early entropy source...[0m
[0;32mI (51) boot: Partition Table:[0m
[0;32mI (54) boot: ## Label            Usage          Type ST Offset   Length[0m
[0;32mI (60) boot:  0 nvs              WiFi data        01 02 00009000 00006000[0m
[0;32mI (67) boot:  1 phy_init         RF data          01 01 0000f000 00001000[0m
[0;32mI (73) boot:  2 factory          factory app      00 00 00010000 00100000[0m
[0;32mI (80) boot: End of partition table[0m
[0;32mI (83) esp_image: segment 0: paddr=00010020 vaddr=3f400020 size=0a6d0h ( 42704) map[0m
[0;32mI (105) esp_image: segment 1: paddr=0001a6f8 vaddr=3ff80000 size=0001ch (    28) load[0m
[0;32mI (105) esp_image: segment 2: paddr=0001a71c vaddr=3ffb0000 size=02424h (  9252) load[0m
[0;32mI (112) esp_image: segment 3: paddr=0001cb48 vaddr=40080000 size=034d0h ( 13520) load[0m
[0;32mI (122) esp_image: segment 4: paddr=00020020 vaddr=400d0020 size=1ad48h (109896) map[0m
[0;32mI (162) esp_image: segment 5: paddr=0003ad70 vaddr=400834d0 size=0995ch ( 39260) load[0m
[0;32mI (183) boot: Loaded app from partition at offset 0x10000[0m
[0;32mI (183) boot: Disabling RNG early entropy source...[0m
[0;32mI (194) cpu_start: Multicore app[0m
[0;32mI (202) cpu_start: Pro cpu start user code[0m
[0;32mI (203) cpu_start: cpu freq: 160000000 Hz[0m
[0;32mI (203) app_init: Application information:[0m
[0;32mI (203) app_init: Project name:     BlindsPWM2[0m
[0;32mI (207) app_init: App version:      70b3ba4-dirty[0m
[0;32mI (211) app_init: Compile time:     Jan 27 2025 15:10:19[0m
[0;32mI (216) app_init: ELF file SHA256:  6c7a6ad6a...[0m
[0;32mI (221) app_init: ESP-IDF:          v5.4-dirty[0m
[0;32mI (225) efuse_init: Min chip rev:     v0.0[0m
[0;32mI (229) efuse_init: Max chip rev:     v3.99 [0m
[0;32mI (233) efuse_init: Chip rev:         v1.0[0m
[0;32mI (237) heap_init: Initializing. RAM available for dynamic allocation:[0m
[0;32mI (243) heap_init: At 3FFAE6E0 len 00001920 (6 KiB): DRAM[0m
[0;32mI (248) heap_init: At 3FFB2D70 len 0002D290 (180 KiB): DRAM[0m
[0;32mI (253) heap_init: At 3FFE0440 len 00003AE0 (14 KiB): D/IRAM[0m
[0;32mI (258) heap_init: At 3FFE4350 len 0001BCB0 (111 KiB): D/IRAM[0m
[0;32mI (264) heap_init: At 4008CE2C len 000131D4 (76 KiB): IRAM[0m
[0;32mI (271) spi_flash: detected chip: generic[0m
[0;32mI (273) spi_flash: flash io: dio[0m
[0;33mW (276) spi_flash: Detected size(4096k) larger than the size in the binary image header(2048k). Using the size in the binary image header.[0m
[0;32mI (289) main_task: Started on CPU0[0m
[0;32mI (299) main_task: Calling app_main()[0m
[0;32mI (299) main_task: Returned from app_main()[0m
[1;31mE (9959) task_wdt: Task watchdog got triggered. The following tasks/users did not reset the watchdog in time:[0m
[1;31mE (9959) task_wdt:  - IDLE0 (CPU 0)[0m
[1;31mE (9959) task_wdt: Tasks currently running:[0m
[1;31mE (9959) task_wdt: CPU 0: servoRotate_tas[0m
[1;31mE (9959) task_wdt: CPU 1: IDLE1[0m
[1;31mE (9959) task_wdt: Print CPU 0 (current core) backtrace[0m


Backtrace: 0x400D7DE2:0x3FFB1060 0x400D81A4:0x3FFB1080 0x40082E15:0x3FFB10B0 0x40082976:0x3FFB5350 0x400DAD2E:0x3FFB5380 0x400DAB83:0x3FFB53A0 0x400DA937:0x3FFB53D0 0x400D662E:0x3FFB53F0 0x400D6668:0x3FFB5420 0x400D672F:0x3FFB5440 0x40086029:0x3FFB54A0

[1;31mE (14959) task_wdt: Task watchdog got triggered. The following tasks/users did not reset the watchdog in time:[0m
[1;31mE (14959) task_wdt:  - IDLE0 (CPU 0)[0m
[1;31mE (14959) task_wdt: Tasks currently running:[0m
[1;31mE (14959) task_wdt: CPU 0: servoRotate_tas[0m
[1;31mE (14959) task_wdt: CPU 1: IDLE1[0m
[1;31mE (14959) task_wdt: Print CPU 0 (current core) backtrace[0m


Backtrace: 0x400D7DE2:0x3FFB1060 0x400D81A4:0x3FFB1080 0x40082E15:0x3FFB10B0 0x400DF847:0x3FFB5010 0x400DA52D:0x3FFB5330 0x400D663D:0x3FFB53F0 0x400D6668:0x3FFB5420 0x400D672F:0x3FFB5440 0x40086029:0x3FFB54A0

[1;31mE (19959) task_wdt: Task watchdog got triggered. The following tasks/users did not reset the watchdog in time:[0m
[1;31mE (19959) task_wdt:  - IDLE0 (CPU 0)[0m
[1;31mE (19959) task_wdt: Tasks currently running:[0m
[1;31mE (19959) task_wdt: CPU 0: servoRotate_tas[0m
[1;31mE (19959) task_wdt: CPU 1: IDLE1[0m
[1;31mE (19959) task_wdt: Print CPU 0 (current core) backtrace[0m


Backtrace: 0x400D7DE2:0x3FFB1060 0x400D81A4:0x3FFB1080 0x40082E15:0x3FFB10B0 0x400DF58F:0x3FFB5010 0x400DA52D:0x3FFB5330 0x400D663D:0x3FFB53F0 0x400D6668:0x3FFB5420 0x400D672F:0x3FFB5440 0x40086029:0x3FFB54A0

[1;31mE (24959) task_wdt: Task watchdog got triggered. The following tasks/users did not reset the watchdog in time:[0m
[1;31mE (24959) task_wdt:  - IDLE0 (CPU 0)[0m
[1;31mE (24959) task_wdt: Tasks currently running:[0m
[1;31mE (24959) task_wdt: CPU 0: servoRotate_tas[0m
[1;31mE (24959) task_wdt: CPU 1: IDLE1[0m
[1;31mE (24959) task_wdt: Print CPU 0 (current core) backtrace[0m


Backtrace: 0x400D7DE2:0x3FFB1060 0x400D81A4:0x3FFB1080 0x40082E15:0x3FFB10B0 0x4000C3EB:0x3FFB4FC0 0x400E7BC9:0x3FFB4FE0 0x400E0195:0x3FFB5010 0x400DA52D:0x3FFB5330 0x400D663D:0x3FFB53F0 0x400D6668:0x3FFB5420 0x400D672F:0x3FFB5440 0x40086029:0x3FFB54A0

[1;31mE (29959) task_wdt: Task watchdog got triggered. The following tasks/users did not reset the watchdog in time:[0m
[1;31mE (29959) task_wdt:  - IDLE0 (CPU 0)[0m
[1;31mE (29959) task_wdt: Tasks currently running:[0m
[1;31mE (29959) task_wdt: CPU 0: servoRotate_tas[0m
[1;31mE (29959) task_wdt: CPU 1: IDLE1[0m
[1;31mE (29959) task_wdt: Print CPU 0 (current core) backtrace[0m


Backtrace: 0x400D7DE2:0x3FFB1060 0x400D81A4:0x3FFB1080 0x40082E15:0x3FFB10B0 0x4000BFED:0x3FFB5290 0x400863C2:0x3FFB52A0 0x40085EC4:0x3FFB52C0 0x400827DC:0x3FFB5300 0x400828C5:0x3FFB5330 0x4008294E:0x3FFB5350 0x400DAD22:0x3FFB5380 0x400DA9AD:0x3FFB53A0 0x400DA937:0x3FFB53D0 0x400D662E:0x3FFB53F0 0x400D6668:0x3FFB5420 0x400D672F:0x3FFB5440 0x40086029:0x3FFB54A0

[1;31mE (34959) task_wdt: Task watchdog got triggered. The following tasks/users did not reset the watchdog in time:[0m
[1;31mE (34959) task_wdt:  - IDLE0 (CPU 0)[0m
[1;31mE (34959) task_wdt: Tasks currently running:[0m
[1;31mE (34959) task_wdt: CPU 0: servoRotate_tas[0m
[1;31mE (34959) task_wdt: CPU 1: IDLE1[0m
[1;31mE (34959) task_wdt: Print CPU 0 (current core) backtrace[0m


Backtrace: 0x400D7DE2:0x3FFB1060 0x400D81A4:0x3FFB1080 0x40082E15:0x3FFB10B0 0x4000BFED:0x3FFB51E0 0x400877D2:0x3FFB51F0 0x40085F4C:0x3FFB5210 0x400827CD:0x3FFB5230 0x400828D5:0x3FFB5260 0x4000BE35:0x3FFB5280 0x40001FDA:0x3FFB52A0 0x40001F49:0x3FFB52C0 0x40001FC5:0x3FFB52F0 0x400DAD69:0x3FFB5320 0x400DAD3A:0x3FFB5380 0x400DA9B3:0x3FFB53A0 0x400DA937:0x3FFB53D0 0x400D662E:0x3FFB53F0 0x400D6668:0x3FFB5420 0x400D672F:0x3FFB5440 0x40086029:0x3FFB54A0

[1;31mE (39959) task_wdt: Task watchdog got triggered. The following tasks/users did not reset the watchdog in time:[0m
[1;31mE (39959) task_wdt:  - IDLE0 (CPU 0)[0m
[1;31mE (39959) task_wdt: Tasks currently running:[0m
[1;31mE (39959) task_wdt: CPU 0: servoRotate_tas[0m
[1;31mE (39959) task_wdt: CPU 1: IDLE1[0m
[1;31mE (39959) task_wdt: Print CPU 0 (current core) backtrace[0m


Backtrace: 0x400D7DE2:0x3FFB1060 0x400D81A4:0x3FFB1080 0x40082E15:0x3FFB10B0 0x400DAD22:0x3FFB5380 0x400DA9AD:0x3FFB53A0 0x400DA937:0x